// Jest Snapshot v1, https://goo.gl/fbAQLP

exports[`TodoItem Component should compare snapshot 1`] = `
<div
  class="flex items-center m-3"
  data-testid="todo_item_container"
>
  <input
    checked=""
    class="focus:ring-indigo-500 h-4 w-4 text-indigo-600 border-gray-300 rounded disabled:text-gray-600 disabled:ring-gray-500"
    type="checkbox"
  />
  <p
    class="flex-1 px-4 line-through"
  >
    get milk
  </p>
  <button
    class="btn disabled:bg-slate-400"
  >
    Delete
  </button>
</div>
`;
